{"conName":"CoreAdd","conIndex":"0"}
{"conName":"CoreSub","conIndex":"1"}
{"conName":"CoreMultiply","conIndex":"2"}
{"conName":"CoreDivide","conIndex":"3"}
{"conName":"CoreNegate","conIndex":"4"}
{"conName":"CoreAbs","conIndex":"5"}
{"conName":"CorePow","conIndex":"6"}
{"conName":"CoreNot","conIndex":"7"}
{"conName":"CoreEq","conIndex":"8"}
{"conName":"CoreNeq","conIndex":"9"}
{"conName":"CoreGT","conIndex":"a"}
{"conName":"CoreGEQ","conIndex":"b"}
{"conName":"CoreLT","conIndex":"c"}
{"conName":"CoreLEQ","conIndex":"d"}
{"conName":"CoreBitwiseAnd","conIndex":"e"}
{"conName":"CoreBitwiseOr","conIndex":"f"}
{"conName":"CoreBitwiseXor","conIndex":"10"}
{"conName":"CoreBitwiseFlip","conIndex":"11"}
{"conName":"CoreBitShift","conIndex":"12"}
{"conName":"CoreRound","conIndex":"13"}
{"conName":"CoreCeiling","conIndex":"14"}
{"conName":"CoreFloor","conIndex":"15"}
{"conName":"CoreRoundPrec","conIndex":"16"}
{"conName":"CoreCeilingPrec","conIndex":"17"}
{"conName":"CoreFloorPrec","conIndex":"18"}
{"conName":"CoreExp","conIndex":"19"}
{"conName":"CoreLn","conIndex":"1a"}
{"conName":"CoreSqrt","conIndex":"1b"}
{"conName":"CoreLogBase","conIndex":"1c"}
{"conName":"CoreLength","conIndex":"1d"}
{"conName":"CoreTake","conIndex":"1e"}
{"conName":"CoreDrop","conIndex":"1f"}
{"conName":"CoreConcat","conIndex":"20"}
{"conName":"CoreReverse","conIndex":"21"}
{"conName":"CoreContains","conIndex":"22"}
{"conName":"CoreSort","conIndex":"23"}
{"conName":"CoreSortObject","conIndex":"24"}
{"conName":"CoreRemove","conIndex":"25"}
{"conName":"CoreMod","conIndex":"26"}
{"conName":"CoreMap","conIndex":"27"}
{"conName":"CoreFilter","conIndex":"28"}
{"conName":"CoreZip","conIndex":"29"}
{"conName":"CoreIntToStr","conIndex":"2a"}
{"conName":"CoreStrToInt","conIndex":"2b"}
{"conName":"CoreStrToIntBase","conIndex":"2c"}
{"conName":"CoreFold","conIndex":"2d"}
{"conName":"CoreDistinct","conIndex":"2e"}
{"conName":"CoreFormat","conIndex":"2f"}
{"conName":"CoreEnumerate","conIndex":"30"}
{"conName":"CoreEnumerateStepN","conIndex":"31"}
{"conName":"CoreShow","conIndex":"32"}
{"conName":"CoreReadMsg","conIndex":"33"}
{"conName":"CoreReadMsgDefault","conIndex":"34"}
{"conName":"CoreReadInteger","conIndex":"35"}
{"conName":"CoreReadDecimal","conIndex":"36"}
{"conName":"CoreReadString","conIndex":"37"}
{"conName":"CoreReadKeyset","conIndex":"38"}
{"conName":"CoreEnforceGuard","conIndex":"39"}
{"conName":"CoreEnforceKeyset","conIndex":"3a"}
{"conName":"CoreKeysetRefGuard","conIndex":"3b"}
{"conName":"CoreAt","conIndex":"3c"}
{"conName":"CoreMakeList","conIndex":"3d"}
{"conName":"CoreB64Encode","conIndex":"3e"}
{"conName":"CoreB64Decode","conIndex":"3f"}
{"conName":"CoreStrToList","conIndex":"40"}
{"conName":"CoreYield","conIndex":"41"}
{"conName":"CoreYieldToChain","conIndex":"42"}
{"conName":"CoreResume","conIndex":"43"}
{"conName":"CoreBind","conIndex":"44"}
{"conName":"CoreRequireCapability","conIndex":"45"}
{"conName":"CoreComposeCapability","conIndex":"46"}
{"conName":"CoreInstallCapability","conIndex":"47"}
{"conName":"CoreEmitEvent","conIndex":"48"}
{"conName":"CoreCreateCapabilityGuard","conIndex":"49"}
{"conName":"CoreCreateCapabilityPactGuard","conIndex":"4a"}
{"conName":"CoreCreateModuleGuard","conIndex":"4b"}
{"conName":"CoreCreateDefPactGuard","conIndex":"4c"}
{"conName":"CoreCreateTable","conIndex":"4d"}
{"conName":"CoreDescribeKeyset","conIndex":"4e"}
{"conName":"CoreDescribeModule","conIndex":"4f"}
{"conName":"CoreDescribeTable","conIndex":"50"}
{"conName":"CoreDefineKeySet","conIndex":"51"}
{"conName":"CoreDefineKeysetData","conIndex":"52"}
{"conName":"CoreFoldDb","conIndex":"53"}
{"conName":"CoreInsert","conIndex":"54"}
{"conName":"CoreKeys","conIndex":"55"}
{"conName":"CoreRead","conIndex":"56"}
{"conName":"CoreSelect","conIndex":"57"}
{"conName":"CoreSelectWithFields","conIndex":"58"}
{"conName":"CoreUpdate","conIndex":"59"}
{"conName":"CoreWithDefaultRead","conIndex":"5a"}
{"conName":"CoreWithRead","conIndex":"5b"}
{"conName":"CoreWrite","conIndex":"5c"}
{"conName":"CoreTxHash","conIndex":"5d"}
{"conName":"CoreAndQ","conIndex":"5e"}
{"conName":"CoreOrQ","conIndex":"5f"}
{"conName":"CoreWhere","conIndex":"60"}
{"conName":"CoreNotQ","conIndex":"61"}
{"conName":"CoreHash","conIndex":"62"}
{"conName":"CoreContinue","conIndex":"63"}
{"conName":"CoreParseTime","conIndex":"64"}
{"conName":"CoreFormatTime","conIndex":"65"}
{"conName":"CoreTime","conIndex":"66"}
{"conName":"CoreAddTime","conIndex":"67"}
{"conName":"CoreDiffTime","conIndex":"68"}
{"conName":"CoreHours","conIndex":"69"}
{"conName":"CoreMinutes","conIndex":"6a"}
{"conName":"CoreDays","conIndex":"6b"}
{"conName":"CoreCompose","conIndex":"6c"}
{"conName":"CoreCreatePrincipal","conIndex":"6d"}
{"conName":"CoreIsPrincipal","conIndex":"6e"}
{"conName":"CoreTypeOfPrincipal","conIndex":"6f"}
{"conName":"CoreValidatePrincipal","conIndex":"70"}
{"conName":"CoreNamespace","conIndex":"71"}
{"conName":"CoreDefineNamespace","conIndex":"72"}
{"conName":"CoreDescribeNamespace","conIndex":"73"}
{"conName":"CoreChainData","conIndex":"74"}
{"conName":"CoreIsCharset","conIndex":"75"}
{"conName":"CorePactId","conIndex":"76"}
{"conName":"CoreZkPairingCheck","conIndex":"77"}
{"conName":"CoreZKScalarMult","conIndex":"78"}
{"conName":"CoreZkPointAdd","conIndex":"79"}
{"conName":"CorePoseidonHashHackachain","conIndex":"7a"}
{"conName":"CoreTypeOf","conIndex":"7b"}
{"conName":"CoreDec","conIndex":"7c"}
{"conName":"CoreCond","conIndex":"7d"}
{"conName":"CoreIdentity","conIndex":"7e"}
{"conName":"CoreVerifySPV","conIndex":"7f"}
{"conName":"CoreEnforceVerifier","conIndex":"80"}
{"conName":"CoreHyperlaneMessageId","conIndex":"81"}
{"conName":"CoreHyperlaneDecodeMessage","conIndex":"82"}
{"conName":"CoreHyperlaneEncodeMessage","conIndex":"83"}

