{"conName":"ArrayOutOfBoundsException","conIndex":"0"}
{"conName":"ArithmeticException","conIndex":"1"}
{"conName":"EnumerationError","conIndex":"2"}
{"conName":"DecodeError","conIndex":"3"}
{"conName":"GasExceeded","conIndex":"4"}
{"conName":"FloatingPointError","conIndex":"5"}
{"conName":"InvariantFailure","conIndex":"6"}
{"conName":"EvalError","conIndex":"7"}
{"conName":"NativeArgumentsError","conIndex":"8"}
{"conName":"InvalidManagedCap","conIndex":"9"}
{"conName":"CapNotInstalled","conIndex":"a"}
{"conName":"CapAlreadyInstalled","conIndex":"b"}
{"conName":"ModuleMemberDoesNotExist","conIndex":"c"}
{"conName":"NoSuchKeySet","conIndex":"d"}
{"conName":"YieldOutsideDefPact","conIndex":"e"}
{"conName":"NoActiveDefPactExec","conIndex":"f"}
{"conName":"NoYieldInDefPactStep","conIndex":"10"}
{"conName":"InvalidDefPactStepSupplied","conIndex":"11"}
{"conName":"DefPactIdMismatch","conIndex":"12"}
{"conName":"CCDefPactContinuationError","conIndex":"13"}
{"conName":"NoPreviousDefPactExecutionFound","conIndex":"14"}
{"conName":"DefPactAlreadyCompleted","conIndex":"15"}
{"conName":"NestedDefPactParentStepCountMismatch","conIndex":"16"}
{"conName":"NestedDefPactParentRollbackMismatch","conIndex":"17"}
{"conName":"NestedDefPactNeverStarted","conIndex":"18"}
{"conName":"NestedDefPactDoubleExecution","conIndex":"19"}
{"conName":"MultipleOrNestedDefPactExecFound","conIndex":"1a"}
{"conName":"DefPactStepHasNoRollback","conIndex":"1b"}
{"conName":"DefPactStepNotInEnvironment","conIndex":"1c"}
{"conName":"NoDefPactIdAndExecEnvSupplied","conIndex":"1d"}
{"conName":"DefPactRollbackMismatch","conIndex":"1e"}
{"conName":"DefPactStepMismatch","conIndex":"1f"}
{"conName":"CannotUpgradeInterface","conIndex":"20"}
{"conName":"DbOpFailure","conIndex":"21"}
{"conName":"DynNameIsNotModRef","conIndex":"22"}
{"conName":"ModuleDoesNotExist","conIndex":"23"}
{"conName":"ExpectedModule","conIndex":"24"}
{"conName":"HashNotBlessed","conIndex":"25"}
{"conName":"CannotApplyPartialClosure","conIndex":"26"}
{"conName":"ClosureAppliedToTooManyArgs","conIndex":"27"}
{"conName":"FormIllegalWithinDefcap","conIndex":"28"}
{"conName":"RunTimeTypecheckFailure","conIndex":"29"}
{"conName":"NativeIsTopLevelOnly","conIndex":"2a"}
{"conName":"EventDoesNotMatchModule","conIndex":"2b"}
{"conName":"InvalidEventCap","conIndex":"2c"}
{"conName":"NestedDefpactsNotAdvanced","conIndex":"2d"}
{"conName":"ExpectedPactValue","conIndex":"2e"}
{"conName":"NotInDefPactExecution","conIndex":"2f"}
{"conName":"RootNamespaceInstallError","conIndex":"30"}
{"conName":"PointNotOnCurve","conIndex":"31"}
{"conName":"YieldProvenanceDoesNotMatch","conIndex":"32"}
{"conName":"MismatchingKeysetNamespace","conIndex":"33"}
{"conName":"EnforcePactVersionFailure","conIndex":"34"}
{"conName":"EnforcePactVersionParseFailure","conIndex":"35"}
{"conName":"RuntimeRecursionDetected","conIndex":"36"}
{"conName":"SPVVerificationFailure","conIndex":"37"}
{"conName":"ContinuationError","conIndex":"38"}
{"conName":"UserGuardMustBeADefun","conIndex":"39"}
{"conName":"ExpectedBoolValue","conIndex":"3a"}
{"conName":"ExpectedStringValue","conIndex":"3b"}
{"conName":"ExpectedCapToken","conIndex":"3c"}
{"conName":"WriteValueDidNotMatchSchema","conIndex":"3d"}
{"conName":"ObjectIsMissingField","conIndex":"3e"}
{"conName":"InvalidKeysetFormat","conIndex":"3f"}
{"conName":"InvalidKeysetNameFormat","conIndex":"40"}
{"conName":"CannotDefineKeysetOutsideNamespace","conIndex":"41"}
{"conName":"NamespaceNotFound","conIndex":"42"}
{"conName":"NativeExecutionError","conIndex":"43"}
{"conName":"OperationIsLocalOnly","conIndex":"44"}
{"conName":"CannotApplyValueToNonClosure","conIndex":"45"}
{"conName":"InvalidCustomKeysetPredicate","conIndex":"46"}
{"conName":"HyperlaneError","conIndex":"47"}
{"conName":"HyperlaneDecodeError","conIndex":"48"}
{"conName":"ModuleAdminNotAcquired","conIndex":"49"}
{"conName":"UnknownException","conIndex":"4a"}
{"conName":"InvalidNumArgs","conIndex":"4b"}

