!=: 1000
&: 1000
*: 52
+: 55
-: 55
/: 52
<: 114
<=: 114
=: 1000
>: 114
>=: 114
^: 4000
abs: 50
add-time: 5000
and?: 303
at: 2500
base64-decode: 1000
base64-encode: 1000
bind: 1300
ceiling: 50
chain-data: 500
compose-capability: 60003440
compose: 1257
concat: 721
cond: 2150
contains: 231
continue: 60000201
create-capability-guard: 60000092
create-capability-pact-guard: 60000141
create-module-guard: 60000065
create-pact-guard: 60000114
create-principal: 1750
create-table: 60250015
days: 4000
dec: 25
define-keyset: 37200
define-namespace: 99250
describe-keyset: 137200
describe-module: 60100012
describe-namespace: 199250
describe-table: 60350015
diff-time: 12000
distinct: 1402
drop: 725
emit-event: 60001070
enforce-guard: 9725
enforce-keyset: 9725
enforce-verifier: 10250
enumerate: 451
exp: 10000
filter: 1257
floor: 50
fold-db: 100384415
fold: 790
format-time: 6000
format: 201
hash: 150
hours: 4000
identity: 25
insert: 60384215
install-capability: 60002045
int-to-str: 2
is-charset: 1500
is-principal: 50
keylog: 160384215
keys: 100384215
keyset-ref-guard: 44200
length: 575
ln: 12000
log: 6000
make-list: 201
map: 1015
minutes: 4000
mod: 1
namespace: 99250
negate: 50
not: 139
not?: 189
or?: 189
pact-id: 60000090
pairing-check: 66999993
parse-time: 2000
point-add: 5425
poseidon-hash-hack-a-chain: 6393700
read-decimal: 125
read-integer: 125
read-keyset: 37225
read-msg: 125
read-string: 125
read: 60394215
remove: 201
require-capability: 60002282
resume: 60006189
reverse: 601
round: 50
scalar-mult: 360225
select: 100384365
shift: 4
show: 1
sort: 1002
sqrt: 12000
str-to-int: 3
str-to-list: 1000
take: 925
time: 2000
tx-hash: 25
txids: 160384215
txlog: 160384215
typeof-principal: 50
typeof: 25
update: 60518415
validate-principal: 4750
where: 979
with-default-read: 60406765
with-read: 60395290
write: 60384215
xor: 2000
yield: 60002173
zip: 3822
|: 2000
~: 1000