!=: 201
&: 250
*: 127
+: 130
-: 130
/: 127
<: 264
<=: 264
=: 201
>: 264
>=: 264
^: 868
abs: 100
acquire-module-admin: 299909
add-time: 750
and?: 628
at: 706
base64-decode: 331
base64-encode: 311
bind: 477
ceiling: 200
chain-data: 500
compose-capability: 524975
compose: 2760
concat: 820
cond: 602
contains: 405
continue: 447093
create-capability-guard: 231142
create-capability-pact-guard: 249932
create-module-guard: 190692
create-pact-guard: 212262
create-principal: 2002
create-table: 467471
days: 278
dec: 100
define-keyset: 8404
define-namespace: 43812
describe-keyset: 108404
describe-module: 264752
describe-namespace: 149724
describe-table: 567471
diff-time: 1414
distinct: 2176
drop: 1000
emit-event: 268003
enforce-guard: 3166
enforce-keyset: 3166
enforce-verifier: 10150
enumerate: 524
exp: 4534
filter: 2760
floor: 200
fold-db: 40501721
fold: 1090
format-time: 1041
format: 1900
hash-keccak256: 43465
hash-poseidon: 6393700
hash: 3500
hours: 277
hyperlane-decode-token-message: 2175
hyperlane-encode-token-message: 2475
hyperlane-message-id: 2743
identity: 100
insert: 501521
install-capability: 684794
int-to-str: 800
is-charset: 1788
is-principal: 597
keys: 40501521
keyset-ref-guard: 10425
length: 801
list-modules: 100000
ln: 2016
log: 2090
make-list: 125
map: 1315
minutes: 276
mod: 100
namespace: 43824
negate: 100
not: 364
not?: 364
or?: 364
pact-id: 227962
pairing-check: 12054531
parse-time: 602
point-add: 5500
poseidon-hash-hack-a-chain: 6393700
read-decimal: 303
read-integer: 303
read-keyset: 8608
read-msg: 303
read-string: 303
read: 508421
remove: 360
require-capability: 410584
resume: 523958
reverse: 700
round: 200
scalar-mult: 360300
select: 40501671
shift: 886
show: 1300
sort: 1200
sqrt: 2022
static-redeploy: 301983
str-to-int: 408
str-to-list: 751
take: 1800
time: 500
tx-hash: 100
typeof-principal: 797
typeof: 100
update: 535621
validate-principal: 3940
where: 1640
with-default-read: 511687
with-read: 508604
write: 501521
xor: 500
yield: 332307
zip: 4320
|: 500
~: 250